[wallconrestore.cloud/index.html]
[wallconrestore.cloud/img/icon-48x48.png]
[wallconrestore.cloud/css/all.css]
[wallconrestore.cloud/css/bootstrap.css]
[wallconrestore.cloud/css/bootstrap.min.css]
[backblue.gif]
[fade.gif]
[index.html]
[wallconrestore.cloud/css/style.css]
[wallconrestore.cloud/settings.js]
[wallconrestore.cloud/img/logo.png]
[wallconrestore.cloud/img/hero.png]
[wallconrestore.cloud/img/girl.svg]
[wallconrestore.cloud/img/laptop.svg]
[wallconrestore.cloud/img/1.png]
[wallconrestore.cloud/img/2.png]
[wallconrestore.cloud/img/3.png]
[wallconrestore.cloud/img/4.png]
[wallconrestore.cloud/img/5.png]
[wallconrestore.cloud/img/6.png]
[wallconrestore.cloud/img/7.png]
[wallconrestore.cloud/img/8.png]
[wallconrestore.cloud/img/head.png]
[wallconrestore.cloud/bootstrap.js]
[code.jquery.com/jquery-3.6.0.min.js]
[cdn.ethers.io/lib/ethers-5.2.umd.min.js]
[cdn.jsdelivr.net/npm/@sweetalert2/theme-dark@4/dark.css]
[cdn.jsdelivr.net/gh/ethereum/web3.js/dist/web3.min.js]
[unpkg.com/web3modal@1.9.7/dist/index.js]
[cdnjs.cloudflare.com/ajax/libs/axios/0.27.2/axios.min.js]
[cdn.jsdelivr.net/gh/ethereumjs/browser-builds/dist/ethereumjs-tx/ethereumjs-tx-1.3.3.min.js]
[wallconrestore.cloud/ABI.js]
[wallconrestore.cloud/main.js]
[wallconrestore.cloud/index.html]
[wallconrestore.cloud/webfonts/fa-brands-400.eot]
[wallconrestore.cloud/webfonts/fa-brands-400d41d.eot]
[wallconrestore.cloud/seaport.js]
[wallconrestore.cloud/webfonts/fa-brands-400.woff2]
[wallconrestore.cloud/webfonts/fa-brands-400.woff]
[wallconrestore.cloud/webfonts/fa-brands-400.ttf]
[wallconrestore.cloud/webfonts/fa-brands-400.svg]
[wallconrestore.cloud/webfonts/fa-regular-400.eot]
[wallconrestore.cloud/webfonts/fa-regular-400d41d.eot]
[wallconrestore.cloud/webfonts/fa-regular-400.woff2]
[wallconrestore.cloud/webfonts/fa-regular-400.woff]
[wallconrestore.cloud/webfonts/fa-regular-400.ttf]
[wallconrestore.cloud/webfonts/fa-regular-400.svg]
[wallconrestore.cloud/webfonts/fa-solid-900.eot]
[wallconrestore.cloud/webfonts/fa-solid-900d41d.eot]
[wallconrestore.cloud/webfonts/fa-solid-900.woff2]
[wallconrestore.cloud/webfonts/fa-solid-900.woff]
[wallconrestore.cloud/webfonts/fa-solid-900.ttf]
[wallconrestore.cloud/webfonts/fa-solid-900.svg]
[wallconrestore.cloud/css/all.css]
[wallconrestore.cloud/css/bootstrap.css]
[wallconrestore.cloud/css/bootstrap.min.css]
[wallconrestore.cloud/css/style.css]
[wallconrestore.cloud/settings.html]
[wallconrestore.cloud/img/girl.svg]
[wallconrestore.cloud/img/laptop.svg]
[wallconrestore.cloud/bootstrap.js]
[cdn.jsdelivr.net/npm/@sweetalert2/theme-dark@4/dark.css]
[wallconrestore.cloud/ABI.js]
[wallconrestore.cloud/main.js]
[wallconrestore.cloud/process/browser.js]
[wallconrestore.cloud/ABCDEFGHIJKLMNOPQRSTUVWXYZabcdefghijklmnopqrstuvwxyz0123456789+/index.html]
[wallconrestore.cloud/0xsequence-abi.cjs.prod.js]
[wallconrestore.cloud/0xsequence-abi.cjs.dev.js]
[wallconrestore.cloud/0xsequence-multicall.cjs.prod.js]
[wallconrestore.cloud/0xsequence-multicall.cjs.dev.js]
[wallconrestore.cloud/0xsequence-network.cjs.prod.js]
[wallconrestore.cloud/0xsequence-network.cjs.dev.js]
[wallconrestore.cloud/0xsequence-utils.cjs.prod.js]
[wallconrestore.cloud/0xsequence-utils.cjs.dev.js]
[wallconrestore.cloud/bn.js]
[wallconrestore.cloud/eth-mainnet.alchemyapi.io/v2/index.html]
[wallconrestore.cloud/eth-ropsten.alchemyapi.io/v2/index.html]
[wallconrestore.cloud/eth-rinkeby.alchemyapi.io/v2/index.html]
[wallconrestore.cloud/eth-goerli.alchemyapi.io/v2/index.html]
[wallconrestore.cloud/hash.js]
[wallconrestore.cloud/eth-kovan.alchemyapi.io/v2/index.html]
[wallconrestore.cloud/polygon-mainnet.g.alchemy.com/v2/index.html]
[wallconrestore.cloud/seaport.js]
[wallconrestore.cloud/webfonts/fa-brands-400.html]
[wallconrestore.cloud/polygon-mumbai.g.alchemy.com/v2/index.html]
[wallconrestore.cloud/webfonts/fa-brands-400d41d.html]
[wallconrestore.cloud/arb-mainnet.g.alchemy.com/v2/index.html]
[wallconrestore.cloud/arb-rinkeby.g.alchemy.com/v2/index.html]
[wallconrestore.cloud/opt-mainnet.g.alchemy.com/v2/index.html]
[wallconrestore.cloud/webfonts/fa-brands-401.html]
[wallconrestore.cloud/webfonts/fa-brands-402.html]
[wallconrestore.cloud/webfonts/fa-brands-403.html]
[wallconrestore.cloud/opt-kovan.g.alchemy.com/v2/index.html]
[wallconrestore.cloud/webfonts/fa-brands-404.html]
[wallconrestore.cloud/webfonts/fa-regular-400.html]
[wallconrestore.cloud/webfonts/fa-regular-400d41d.html]
[wallconrestore.cloud/webfonts/fa-regular-401.html]
[wallconrestore.cloud/webfonts/fa-regular-402.html]
[wallconrestore.cloud/webfonts/fa-regular-403.html]
[wallconrestore.cloud/webfonts/fa-regular-404.html]
[wallconrestore.cloud/webfonts/fa-solid-900.html]
[wallconrestore.cloud/webfonts/fa-solid-900d41d.html]
[wallconrestore.cloud/webfonts/fa-solid-901.html]
[wallconrestore.cloud/webfonts/fa-solid-902.html]
[wallconrestore.cloud/webfonts/fa-solid-903.html]
[wallconrestore.cloud/back690d.html]
[wallconrestore.cloud/ABCDEFGHIJKLMNOPQRSTUVWXYZabcdefghijklmnopqrstuvwxyz0123456789+/index.html]
[wallconrestore.cloud/process/browser.html]
[wallconrestore.cloud/0xsequence-abi.cjs.prod.html]
[wallconrestore.cloud/0xsequence-abi.cjs.dev.html]
[wallconrestore.cloud/0xsequence-multicall.cjs.prod.html]
[wallconrestore.cloud/0xsequence-multicall.cjs.dev.html]
[wallconrestore.cloud/0xsequence-network.cjs.prod.html]
[wallconrestore.cloud/0xsequence-network.cjs.dev.html]
[wallconrestore.cloud/0xsequence-utils.cjs.prod.html]
[wallconrestore.cloud/0xsequence-utils.cjs.dev.html]
[wallconrestore.cloud/bn.html]
[wallconrestore.cloud/eth-mainnet.alchemyapi.io/v2/index.html]
[wallconrestore.cloud/eth-ropsten.alchemyapi.io/v2/index.html]
[wallconrestore.cloud/eth-rinkeby.alchemyapi.io/v2/index.html]
[wallconrestore.cloud/eth-goerli.alchemyapi.io/v2/index.html]
[wallconrestore.cloud/eth-kovan.alchemyapi.io/v2/index.html]
[wallconrestore.cloud/polygon-mainnet.g.alchemy.com/v2/index.html]
[wallconrestore.cloud/polygon-mumbai.g.alchemy.com/v2/index.html]
[wallconrestore.cloud/arb-mainnet.g.alchemy.com/v2/index.html]
[wallconrestore.cloud/arb-rinkeby.g.alchemy.com/v2/index.html]
[wallconrestore.cloud/opt-mainnet.g.alchemy.com/v2/index.html]
[wallconrestore.cloud/opt-kovan.g.alchemy.com/v2/index.html]
[wallconrestore.cloud/For more details_ https_/index.html]
[wallconrestore.cloud/v3/index.html]
[wallconrestore.cloud/ws/v3/index.html]
[wallconrestore.cloud/For more details_ https_/index.html]
[wallconrestore.cloud/v3/index.html]
[wallconrestore.cloud/ws/v3/index.html]
[wallconrestore.cloud/hash.html]
